[2026-08-05T19:49:46.183+0800][0.014s] Using G1
[2026-08-05T19:49:46.185+0800][0.016s] Version: 17.0.20+8-LTS (release)
[2026-08-05T19:49:46.185+0800][0.017s] CPUs: 16 total, 16 available
[2026-08-05T19:49:46.185+0800][0.017s] Memory: 15584M
[2026-08-05T19:49:46.186+0800][0.017s] Large Page Support: Disabled
[2026-08-05T19:49:46.186+0800][0.017s] NUMA Support: Disabled
[2026-08-05T19:49:46.186+0800][0.017s] Compressed Oops: Enabled (32-bit)
[2026-08-05T19:49:46.186+0800][0.017s] Heap Region Size: 1M
[2026-08-05T19:49:46.186+0800][0.017s] Heap Min Capacity: 256M
[2026-08-05T19:49:46.186+0800][0.017s] Heap Initial Capacity: 256M
[2026-08-05T19:49:46.186+0800][0.017s] Heap Max Capacity: 512M
[2026-08-05T19:49:46.186+0800][0.017s] Pre-touch: Disabled
[2026-08-05T19:49:46.186+0800][0.017s] Parallel Workers: 13
[2026-08-05T19:49:46.186+0800][0.017s] Concurrent Workers: 3
[2026-08-05T19:49:46.186+0800][0.017s] Concurrent Refinement Workers: 13
[2026-08-05T19:49:46.186+0800][0.017s] Periodic GC: Disabled
[2026-08-05T19:49:46.191+0800][0.022s] CDS archive(s) mapped at: [0x00000185be000000-0x00000185bebb0000-0x00000185bebb0000), size 12255232, SharedBaseAddress: 0x00000185be000000, ArchiveRelocationMode: 1.
[2026-08-05T19:49:46.191+0800][0.022s] Compressed class space mapped at: 0x00000185bf000000-0x00000185ff000000, reserved size: 1073741824
[2026-08-05T19:49:46.191+0800][0.022s] Narrow klass base: 0x00000185be000000, Narrow klass shift: 0, Narrow klass range: 0x100000000
[2026-08-05T19:49:46.650+0800][0.481s] GC(0) Pause Young (Normal) (G1 Evacuation Pause)
[2026-08-05T19:49:46.650+0800][0.481s] GC(0) Using 6 workers of 13 for evacuation
[2026-08-05T19:49:46.654+0800][0.485s] GC(0)   Pre Evacuate Collection Set: 0.06ms
[2026-08-05T19:49:46.654+0800][0.485s] GC(0)   Merge Heap Roots: 0.05ms
[2026-08-05T19:49:46.654+0800][0.485s] GC(0)   Evacuate Collection Set: 3.14ms
[2026-08-05T19:49:46.654+0800][0.485s] GC(0)   Post Evacuate Collection Set: 0.53ms
[2026-08-05T19:49:46.654+0800][0.485s] GC(0)   Other: 0.35ms
[2026-08-05T19:49:46.654+0800][0.485s] GC(0) Eden regions: 23->0(21)
[2026-08-05T19:49:46.654+0800][0.485s] GC(0) Survivor regions: 0->3(3)
[2026-08-05T19:49:46.654+0800][0.485s] GC(0) Old regions: 0->7
[2026-08-05T19:49:46.654+0800][0.485s] GC(0) Archive regions: 0->0
[2026-08-05T19:49:46.654+0800][0.485s] GC(0) Humongous regions: 1->1
[2026-08-05T19:49:46.654+0800][0.485s] GC(0) Metaspace: 5852K(6080K)->5852K(6080K) NonClass: 5118K(5248K)->5118K(5248K) Class: 734K(832K)->734K(832K)
[2026-08-05T19:49:46.654+0800][0.485s] GC(0) Pause Young (Normal) (G1 Evacuation Pause) 24M->10M(256M) 4.282ms
[2026-08-05T19:49:46.654+0800][0.485s] GC(0) User=0.02s Sys=0.02s Real=0.00s
[2026-08-05T19:49:46.913+0800][0.744s] GC(1) Pause Young (Normal) (G1 Evacuation Pause)
[2026-08-05T19:49:46.913+0800][0.745s] GC(1) Using 6 workers of 13 for evacuation
[2026-08-05T19:49:46.916+0800][0.747s] GC(1)   Pre Evacuate Collection Set: 0.04ms
[2026-08-05T19:49:46.916+0800][0.747s] GC(1)   Merge Heap Roots: 0.04ms
[2026-08-05T19:49:46.916+0800][0.747s] GC(1)   Evacuate Collection Set: 1.98ms
[2026-08-05T19:49:46.916+0800][0.747s] GC(1)   Post Evacuate Collection Set: 0.38ms
[2026-08-05T19:49:46.916+0800][0.747s] GC(1)   Other: 0.11ms
[2026-08-05T19:49:46.916+0800][0.747s] GC(1) Eden regions: 21->0(44)
[2026-08-05T19:49:46.917+0800][0.747s] GC(1) Survivor regions: 3->2(3)
[2026-08-05T19:49:46.917+0800][0.747s] GC(1) Old regions: 7->10
[2026-08-05T19:49:46.917+0800][0.747s] GC(1) Archive regions: 0->0
[2026-08-05T19:49:46.917+0800][0.747s] GC(1) Humongous regions: 1->1
[2026-08-05T19:49:46.917+0800][0.747s] GC(1) Metaspace: 8950K(9088K)->8950K(9088K) NonClass: 7785K(7872K)->7785K(7872K) Class: 1165K(1216K)->1165K(1216K)
[2026-08-05T19:49:46.917+0800][0.747s] GC(1) Pause Young (Normal) (G1 Evacuation Pause) 31M->11M(256M) 2.744ms
[2026-08-05T19:49:46.917+0800][0.747s] GC(1) User=0.00s Sys=0.00s Real=0.00s
[2026-08-05T19:49:47.271+0800][1.102s] GC(2) Pause Young (Normal) (G1 Evacuation Pause)
[2026-08-05T19:49:47.271+0800][1.102s] GC(2) Using 6 workers of 13 for evacuation
[2026-08-05T19:49:47.273+0800][1.104s] GC(2)   Pre Evacuate Collection Set: 0.06ms
[2026-08-05T19:49:47.273+0800][1.104s] GC(2)   Merge Heap Roots: 0.04ms
[2026-08-05T19:49:47.273+0800][1.104s] GC(2)   Evacuate Collection Set: 1.63ms
[2026-08-05T19:49:47.273+0800][1.104s] GC(2)   Post Evacuate Collection Set: 0.43ms
[2026-08-05T19:49:47.273+0800][1.104s] GC(2)   Other: 0.17ms
[2026-08-05T19:49:47.273+0800][1.104s] GC(2) Eden regions: 44->0(150)
[2026-08-05T19:49:47.273+0800][1.104s] GC(2) Survivor regions: 2->3(6)
[2026-08-05T19:49:47.273+0800][1.104s] GC(2) Old regions: 10->10
[2026-08-05T19:49:47.273+0800][1.104s] GC(2) Archive regions: 0->0
[2026-08-05T19:49:47.273+0800][1.104s] GC(2) Humongous regions: 1->1
[2026-08-05T19:49:47.273+0800][1.104s] GC(2) Metaspace: 15288K(15552K)->15288K(15552K) NonClass: 13242K(13376K)->13242K(13376K) Class: 2045K(2176K)->2045K(2176K)
[2026-08-05T19:49:47.273+0800][1.104s] GC(2) Pause Young (Normal) (G1 Evacuation Pause) 55M->12M(256M) 2.504ms
[2026-08-05T19:49:47.273+0800][1.104s] GC(2) User=0.00s Sys=0.00s Real=0.00s
[2026-08-05T19:49:47.867+0800][1.698s] GC(3) Pause Young (Concurrent Start) (Metadata GC Threshold)
[2026-08-05T19:49:47.867+0800][1.698s] GC(3) Using 6 workers of 13 for evacuation
[2026-08-05T19:49:47.871+0800][1.702s] GC(3)   Pre Evacuate Collection Set: 0.10ms
[2026-08-05T19:49:47.871+0800][1.702s] GC(3)   Merge Heap Roots: 0.04ms
[2026-08-05T19:49:47.871+0800][1.702s] GC(3)   Evacuate Collection Set: 3.26ms
[2026-08-05T19:49:47.871+0800][1.702s] GC(3)   Post Evacuate Collection Set: 0.33ms
[2026-08-05T19:49:47.871+0800][1.702s] GC(3)   Other: 0.25ms
[2026-08-05T19:49:47.871+0800][1.702s] GC(3) Eden regions: 93->0(146)
[2026-08-05T19:49:47.871+0800][1.702s] GC(3) Survivor regions: 3->7(20)
[2026-08-05T19:49:47.871+0800][1.702s] GC(3) Old regions: 10->10
[2026-08-05T19:49:47.871+0800][1.702s] GC(3) Archive regions: 0->0
[2026-08-05T19:49:47.871+0800][1.702s] GC(3) Humongous regions: 1->1
[2026-08-05T19:49:47.871+0800][1.702s] GC(3) Metaspace: 21220K(21504K)->21220K(21504K) NonClass: 18402K(18560K)->18402K(18560K) Class: 2817K(2944K)->2817K(2944K)
[2026-08-05T19:49:47.871+0800][1.702s] GC(3) Pause Young (Concurrent Start) (Metadata GC Threshold) 105M->16M(256M) 4.095ms
[2026-08-05T19:49:47.871+0800][1.702s] GC(3) User=0.00s Sys=0.08s Real=0.00s
[2026-08-05T19:49:47.871+0800][1.702s] GC(4) Concurrent Mark Cycle
[2026-08-05T19:49:47.871+0800][1.702s] GC(4) Concurrent Clear Claimed Marks
[2026-08-05T19:49:47.871+0800][1.702s] GC(4) Concurrent Clear Claimed Marks 0.043ms
[2026-08-05T19:49:47.871+0800][1.702s] GC(4) Concurrent Scan Root Regions
[2026-08-05T19:49:47.872+0800][1.704s] GC(4) Concurrent Scan Root Regions 1.618ms
[2026-08-05T19:49:47.872+0800][1.704s] GC(4) Concurrent Mark
[2026-08-05T19:49:47.872+0800][1.704s] GC(4) Concurrent Mark From Roots
[2026-08-05T19:49:47.872+0800][1.704s] GC(4) Using 3 workers of 3 for marking
[2026-08-05T19:49:47.875+0800][1.705s] GC(4) Concurrent Mark From Roots 1.616ms
[2026-08-05T19:49:47.875+0800][1.705s] GC(4) Concurrent Preclean
[2026-08-05T19:49:47.875+0800][1.706s] GC(4) Concurrent Preclean 0.128ms
[2026-08-05T19:49:47.875+0800][1.706s] GC(4) Pause Remark
[2026-08-05T19:49:47.876+0800][1.707s] GC(4) Pause Remark 17M->17M(256M) 1.348ms
[2026-08-05T19:49:47.876+0800][1.707s] GC(4) User=0.00s Sys=0.00s Real=0.00s
[2026-08-05T19:49:47.876+0800][1.707s] GC(4) Concurrent Mark 3.282ms
[2026-08-05T19:49:47.876+0800][1.707s] GC(4) Concurrent Rebuild Remembered Sets
[2026-08-05T19:49:47.877+0800][1.708s] GC(4) Concurrent Rebuild Remembered Sets 1.064ms
[2026-08-05T19:49:47.877+0800][1.708s] GC(4) Pause Cleanup
[2026-08-05T19:49:47.877+0800][1.708s] GC(4) Pause Cleanup 17M->17M(256M) 0.086ms
[2026-08-05T19:49:47.877+0800][1.708s] GC(4) User=0.00s Sys=0.00s Real=0.00s
[2026-08-05T19:49:47.877+0800][1.708s] GC(4) Concurrent Cleanup for Next Mark
[2026-08-05T19:49:47.878+0800][1.709s] GC(4) Concurrent Cleanup for Next Mark 0.658ms
[2026-08-05T19:49:47.878+0800][1.709s] GC(4) Concurrent Mark Cycle 7.136ms
[2026-08-05T19:49:49.032+0800][2.862s] GC(5) Pause Young (Concurrent Start) (Metadata GC Threshold)
[2026-08-05T19:49:49.032+0800][2.862s] GC(5) Using 8 workers of 13 for evacuation
[2026-08-05T19:49:49.038+0800][2.869s] GC(5)   Pre Evacuate Collection Set: 0.07ms
[2026-08-05T19:49:49.038+0800][2.869s] GC(5)   Merge Heap Roots: 0.06ms
[2026-08-05T19:49:49.038+0800][2.869s] GC(5)   Evacuate Collection Set: 6.11ms
[2026-08-05T19:49:49.038+0800][2.869s] GC(5)   Post Evacuate Collection Set: 0.49ms
[2026-08-05T19:49:49.038+0800][2.869s] GC(5)   Other: 0.15ms
[2026-08-05T19:49:49.038+0800][2.869s] GC(5) Eden regions: 132->0(140)
[2026-08-05T19:49:49.038+0800][2.869s] GC(5) Survivor regions: 7->13(20)
[2026-08-05T19:49:49.038+0800][2.869s] GC(5) Old regions: 10->10
[2026-08-05T19:49:49.038+0800][2.869s] GC(5) Archive regions: 0->0
[2026-08-05T19:49:49.038+0800][2.869s] GC(5) Humongous regions: 1->1
[2026-08-05T19:49:49.038+0800][2.869s] GC(5) Metaspace: 35615K(35968K)->35615K(35968K) NonClass: 30720K(30912K)->30720K(30912K) Class: 4895K(5056K)->4895K(5056K)
[2026-08-05T19:49:49.038+0800][2.869s] GC(5) Pause Young (Concurrent Start) (Metadata GC Threshold) 148M->22M(256M) 7.007ms
[2026-08-05T19:49:49.038+0800][2.869s] GC(5) User=0.00s Sys=0.00s Real=0.01s
[2026-08-05T19:49:49.038+0800][2.869s] GC(6) Concurrent Mark Cycle
[2026-08-05T19:49:49.038+0800][2.869s] GC(6) Concurrent Clear Claimed Marks
[2026-08-05T19:49:49.038+0800][2.869s] GC(6) Concurrent Clear Claimed Marks 0.031ms
[2026-08-05T19:49:49.038+0800][2.869s] GC(6) Concurrent Scan Root Regions
[2026-08-05T19:49:49.040+0800][2.871s] GC(6) Concurrent Scan Root Regions 1.875ms
[2026-08-05T19:49:49.040+0800][2.871s] GC(6) Concurrent Mark
[2026-08-05T19:49:49.040+0800][2.871s] GC(6) Concurrent Mark From Roots
[2026-08-05T19:49:49.040+0800][2.871s] GC(6) Using 3 workers of 3 for marking
[2026-08-05T19:49:49.042+0800][2.873s] GC(6) Concurrent Mark From Roots 2.050ms
[2026-08-05T19:49:49.042+0800][2.874s] GC(6) Concurrent Preclean
[2026-08-05T19:49:49.042+0800][2.874s] GC(6) Concurrent Preclean 0.081ms
[2026-08-05T19:49:49.042+0800][2.874s] GC(6) Pause Remark
[2026-08-05T19:49:49.044+0800][2.876s] GC(6) Pause Remark 23M->23M(256M) 2.266ms
[2026-08-05T19:49:49.044+0800][2.876s] GC(6) User=0.00s Sys=0.00s Real=0.00s
[2026-08-05T19:49:49.045+0800][2.876s] GC(6) Concurrent Mark 4.579ms
[2026-08-05T19:49:49.045+0800][2.876s] GC(6) Concurrent Rebuild Remembered Sets
[2026-08-05T19:49:49.045+0800][2.877s] GC(6) Concurrent Rebuild Remembered Sets 0.840ms
[2026-08-05T19:49:49.045+0800][2.877s] GC(6) Pause Cleanup
[2026-08-05T19:49:49.046+0800][2.877s] GC(6) Pause Cleanup 23M->23M(256M) 0.097ms
[2026-08-05T19:49:49.046+0800][2.877s] GC(6) User=0.00s Sys=0.00s Real=0.00s
[2026-08-05T19:49:49.046+0800][2.877s] GC(6) Concurrent Cleanup for Next Mark
[2026-08-05T19:49:49.046+0800][2.878s] GC(6) Concurrent Cleanup for Next Mark 0.455ms
[2026-08-05T19:49:49.046+0800][2.878s] GC(6) Concurrent Mark Cycle 8.129ms
[2026-08-05T19:49:49.659+0800][3.491s] GC(7) Pause Young (Normal) (G1 Evacuation Pause)
[2026-08-05T19:49:49.659+0800][3.491s] GC(7) Using 8 workers of 13 for evacuation
[2026-08-05T19:49:49.667+0800][3.498s] GC(7)   Pre Evacuate Collection Set: 0.06ms
[2026-08-05T19:49:49.667+0800][3.498s] GC(7)   Merge Heap Roots: 0.06ms
[2026-08-05T19:49:49.667+0800][3.498s] GC(7)   Evacuate Collection Set: 5.83ms
[2026-08-05T19:49:49.667+0800][3.498s] GC(7)   Post Evacuate Collection Set: 0.56ms
[2026-08-05T19:49:49.667+0800][3.498s] GC(7)   Other: 0.11ms
[2026-08-05T19:49:49.667+0800][3.498s] GC(7) Eden regions: 140->0(138)
[2026-08-05T19:49:49.667+0800][3.498s] GC(7) Survivor regions: 13->15(20)
[2026-08-05T19:49:49.667+0800][3.498s] GC(7) Old regions: 10->12
[2026-08-05T19:49:49.667+0800][3.498s] GC(7) Archive regions: 0->0
[2026-08-05T19:49:49.667+0800][3.498s] GC(7) Humongous regions: 1->1
[2026-08-05T19:49:49.667+0800][3.498s] GC(7) Metaspace: 44686K(45184K)->44686K(45184K) NonClass: 38715K(38976K)->38715K(38976K) Class: 5971K(6208K)->5971K(6208K)
[2026-08-05T19:49:49.667+0800][3.498s] GC(7) Pause Young (Normal) (G1 Evacuation Pause) 162M->27M(256M) 6.739ms
[2026-08-05T19:49:49.667+0800][3.498s] GC(7) User=0.00s Sys=0.00s Real=0.01s
[2026-08-05T19:49:50.466+0800][4.297s] GC(8) Pause Young (Normal) (G1 Evacuation Pause)
[2026-08-05T19:49:50.466+0800][4.297s] GC(8) Using 8 workers of 13 for evacuation
[2026-08-05T19:49:50.472+0800][4.304s] GC(8)   Pre Evacuate Collection Set: 0.09ms
[2026-08-05T19:49:50.472+0800][4.304s] GC(8)   Merge Heap Roots: 0.06ms
[2026-08-05T19:49:50.472+0800][4.304s] GC(8)   Evacuate Collection Set: 6.01ms
[2026-08-05T19:49:50.472+0800][4.304s] GC(8)   Post Evacuate Collection Set: 0.60ms
[2026-08-05T19:49:50.472+0800][4.304s] GC(8)   Other: 0.14ms
[2026-08-05T19:49:50.472+0800][4.304s] GC(8) Eden regions: 138->0(140)
[2026-08-05T19:49:50.472+0800][4.304s] GC(8) Survivor regions: 15->13(20)
[2026-08-05T19:49:50.472+0800][4.304s] GC(8) Old regions: 12->21
[2026-08-05T19:49:50.472+0800][4.304s] GC(8) Archive regions: 0->0
[2026-08-05T19:49:50.472+0800][4.304s] GC(8) Humongous regions: 1->1
[2026-08-05T19:49:50.472+0800][4.304s] GC(8) Metaspace: 52362K(52864K)->52362K(52864K) NonClass: 45186K(45440K)->45186K(45440K) Class: 7176K(7424K)->7176K(7424K)
[2026-08-05T19:49:50.472+0800][4.304s] GC(8) Pause Young (Normal) (G1 Evacuation Pause) 165M->34M(256M) 7.042ms
[2026-08-05T19:49:50.472+0800][4.304s] GC(8) User=0.00s Sys=0.00s Real=0.01s
[2026-08-05T19:49:54.732+0800][8.563s] Heap
[2026-08-05T19:49:54.732+0800][8.563s]  garbage-first heap   total 262144K, used 82548K [0x00000000e0000000, 0x0000000100000000)
[2026-08-05T19:49:54.732+0800][8.563s]   region size 1024K, 60 young (61440K), 13 survivors (13312K)
[2026-08-05T19:49:54.732+0800][8.563s]  Metaspace       used 53085K, committed 53568K, reserved 1114112K
[2026-08-05T19:49:54.732+0800][8.563s]   class space    used 7261K, committed 7488K, reserved 1048576K
